"unused1","name","unused2","id","unused3"
"","User 1","","1",""
"","User 2","","2",""
"","User 3 - DUPLICATE","","3",""
"","User 3 - DUPLICATE","","3",""
"","User 4","","4",""
"","User 5","","5",""
"","User 6","","6",""
"","User 7","","7",""
"","User 8","","8",""
"","User 9","","9",""
