"id","name"
"1","User 1"
"2","User 2"
"3","User 3"
