"id","name"
"3","User 3"
"4","User 4"
"5","User 5"
"6","User 6"
"7","User 7"
"8","User 8"
"9","User 9"
